\BOOKMARK [0][-]{chapter.1}{Introduction}{}% 1
\BOOKMARK [1][-]{section.1.1}{Background}{chapter.1}% 2
\BOOKMARK [1][-]{section.1.2}{Methods}{chapter.1}% 3
\BOOKMARK [1][-]{section.1.3}{Installing \046 launching the toolbox}{chapter.1}% 4
\BOOKMARK [2][-]{subsection.1.3.1}{Installation}{section.1.3}% 5
\BOOKMARK [2][-]{subsection.1.3.2}{Launching and batching}{section.1.3}% 6
\BOOKMARK [1][-]{section.1.4}{Main contributors}{chapter.1}% 7
\BOOKMARK [1][-]{section.1.5}{Acknoweldgements}{chapter.1}% 8
\BOOKMARK [-1][-]{part.1}{I Graphical User Interface}{}% 9
\BOOKMARK [0][-]{chapter.2}{Data \046 design}{part.1}% 10
\BOOKMARK [1][-]{section.2.1}{Introduction}{chapter.2}% 11
\BOOKMARK [1][-]{section.2.2}{Methods}{chapter.2}% 12
\BOOKMARK [2][-]{subsection.2.2.1}{Data and design input}{section.2.2}% 13
\BOOKMARK [2][-]{subsection.2.2.2}{Data and design output}{section.2.2}% 14
\BOOKMARK [2][-]{subsection.2.2.3}{Review}{section.2.2}% 15
\BOOKMARK [2][-]{subsection.2.2.4}{HRF correction}{section.2.2}% 16
\BOOKMARK [1][-]{section.2.3}{Graphical User interface}{chapter.2}% 17
\BOOKMARK [2][-]{subsection.2.3.1}{PRT directory}{section.2.3}% 18
\BOOKMARK [2][-]{subsection.2.3.2}{Groups}{section.2.3}% 19
\BOOKMARK [2][-]{subsection.2.3.3}{Subjects}{section.2.3}% 20
\BOOKMARK [2][-]{subsection.2.3.4}{Modalities}{section.2.3}% 21
\BOOKMARK [2][-]{subsection.2.3.5}{Masks}{section.2.3}% 22
\BOOKMARK [2][-]{subsection.2.3.6}{Review}{section.2.3}% 23
\BOOKMARK [2][-]{subsection.2.3.7}{Load, Save and Quit}{section.2.3}% 24
\BOOKMARK [1][-]{section.2.4}{matlabbatch interface}{chapter.2}% 25
\BOOKMARK [0][-]{chapter.3}{Prepare feature set}{part.1}% 26
\BOOKMARK [1][-]{section.3.1}{Introduction}{chapter.3}% 27
\BOOKMARK [1][-]{section.3.2}{Methods and resources}{chapter.3}% 28
\BOOKMARK [1][-]{section.3.3}{Graphical User interfaces}{chapter.3}% 29
\BOOKMARK [1][-]{section.3.4}{matlabbatch interface}{chapter.3}% 30
\BOOKMARK [0][-]{chapter.4}{Model Specification}{part.1}% 31
\BOOKMARK [1][-]{section.4.1}{Introduction}{chapter.4}% 32
\BOOKMARK [1][-]{section.4.2}{Beginning a model specification}{chapter.4}% 33
\BOOKMARK [1][-]{section.4.3}{Feature set}{chapter.4}% 34
\BOOKMARK [1][-]{section.4.4}{Model type / pattern recognition algorithm}{chapter.4}% 35
\BOOKMARK [2][-]{subsection.4.4.1}{Classification}{section.4.4}% 36
\BOOKMARK [2][-]{subsection.4.4.2}{Regression}{section.4.4}% 37
\BOOKMARK [1][-]{section.4.5}{Cross-validation}{chapter.4}% 38
\BOOKMARK [1][-]{section.4.6}{Batch interface}{chapter.4}% 39
\BOOKMARK [0][-]{chapter.5}{Model and Weights Estimation}{part.1}% 40
\BOOKMARK [1][-]{section.5.1}{Introduction}{chapter.5}% 41
\BOOKMARK [1][-]{section.5.2}{Methods}{chapter.5}% 42
\BOOKMARK [1][-]{section.5.3}{Graphical user interface}{chapter.5}% 43
\BOOKMARK [1][-]{section.5.4}{matlabbatch interface}{chapter.5}% 44
\BOOKMARK [0][-]{chapter.6}{Results display}{part.1}% 45
\BOOKMARK [1][-]{section.6.1}{Introduction}{chapter.6}% 46
\BOOKMARK [1][-]{section.6.2}{Launching results display}{chapter.6}% 47
\BOOKMARK [1][-]{section.6.3}{The main results display window}{chapter.6}% 48
\BOOKMARK [1][-]{section.6.4}{Analysing a machine's performance graphically}{chapter.6}% 49
\BOOKMARK [2][-]{subsection.6.4.1}{Predictions plot}{section.6.4}% 50
\BOOKMARK [2][-]{subsection.6.4.2}{Receiver Operating Characteristic \(ROC\) plot}{section.6.4}% 51
\BOOKMARK [2][-]{subsection.6.4.3}{Histogram plot}{section.6.4}% 52
\BOOKMARK [1][-]{section.6.5}{Statistical analysis of a machine's performance}{chapter.6}% 53
\BOOKMARK [2][-]{subsection.6.5.1}{Confusion matrix plot}{section.6.5}% 54
\BOOKMARK [2][-]{subsection.6.5.2}{The statistics table}{section.6.5}% 55
\BOOKMARK [2][-]{subsection.6.5.3}{Permutation testing}{section.6.5}% 56
\BOOKMARK [1][-]{section.6.6}{Visualising a weight map}{chapter.6}% 57
\BOOKMARK [-1][-]{part.2}{II Batching system}{}% 58
\BOOKMARK [0][-]{chapter.7}{Data \046 Design }{part.2}% 59
\BOOKMARK [1][-]{section.7.1}{Directory}{chapter.7}% 60
\BOOKMARK [1][-]{section.7.2}{Groups}{chapter.7}% 61
\BOOKMARK [2][-]{subsection.7.2.1}{Group}{section.7.2}% 62
\BOOKMARK [1][-]{section.7.3}{Masks}{chapter.7}% 63
\BOOKMARK [2][-]{subsection.7.3.1}{Modality}{section.7.3}% 64
\BOOKMARK [1][-]{section.7.4}{HRF overlap}{chapter.7}% 65
\BOOKMARK [1][-]{section.7.5}{HRF delay}{chapter.7}% 66
\BOOKMARK [1][-]{section.7.6}{Review}{chapter.7}% 67
\BOOKMARK [0][-]{chapter.8}{Feature set / Kernel }{part.2}% 68
\BOOKMARK [1][-]{section.8.1}{Load PRT.mat}{chapter.8}% 69
\BOOKMARK [1][-]{section.8.2}{Name}{chapter.8}% 70
\BOOKMARK [1][-]{section.8.3}{Modalities}{chapter.8}% 71
\BOOKMARK [2][-]{subsection.8.3.1}{Modality}{section.8.3}% 72
\BOOKMARK [0][-]{chapter.9}{Specify model }{part.2}% 73
\BOOKMARK [1][-]{section.9.1}{Load PRT.mat}{chapter.9}% 74
\BOOKMARK [1][-]{section.9.2}{Model name}{chapter.9}% 75
\BOOKMARK [1][-]{section.9.3}{Use kernels}{chapter.9}% 76
\BOOKMARK [1][-]{section.9.4}{Feature sets}{chapter.9}% 77
\BOOKMARK [1][-]{section.9.5}{Model Type }{chapter.9}% 78
\BOOKMARK [2][-]{subsection.9.5.1}{Classification}{section.9.5}% 79
\BOOKMARK [2][-]{subsection.9.5.2}{Regression}{section.9.5}% 80
\BOOKMARK [1][-]{section.9.6}{Cross-validation type}{chapter.9}% 81
\BOOKMARK [2][-]{subsection.9.6.1}{Leave one subject out}{section.9.6}% 82
\BOOKMARK [2][-]{subsection.9.6.2}{Leave one subject per group out}{section.9.6}% 83
\BOOKMARK [2][-]{subsection.9.6.3}{Leave one block out}{section.9.6}% 84
\BOOKMARK [2][-]{subsection.9.6.4}{Leave one run/session out}{section.9.6}% 85
\BOOKMARK [2][-]{subsection.9.6.5}{Custom}{section.9.6}% 86
\BOOKMARK [1][-]{section.9.7}{Include all scans}{chapter.9}% 87
\BOOKMARK [1][-]{section.9.8}{Data operations}{chapter.9}% 88
\BOOKMARK [2][-]{subsection.9.8.1}{Mean centre features}{section.9.8}% 89
\BOOKMARK [2][-]{subsection.9.8.2}{Other Operations}{section.9.8}% 90
\BOOKMARK [0][-]{chapter.10}{Run model }{part.2}% 91
\BOOKMARK [1][-]{section.10.1}{Load PRT.mat}{chapter.10}% 92
\BOOKMARK [1][-]{section.10.2}{Model name}{chapter.10}% 93
\BOOKMARK [-1][-]{part.3}{III Data processing examples}{}% 94
\BOOKMARK [0][-]{chapter.11}{Block design fMRI dataset}{part.3}% 95
\BOOKMARK [1][-]{section.11.1}{GUI analysis}{chapter.11}% 96
\BOOKMARK [2][-]{subsection.11.1.1}{Data \046 Design}{section.11.1}% 97
\BOOKMARK [2][-]{subsection.11.1.2}{Prepare feature set}{section.11.1}% 98
\BOOKMARK [2][-]{subsection.11.1.3}{Specify model}{section.11.1}% 99
\BOOKMARK [2][-]{subsection.11.1.4}{Display model \(optional step\)}{section.11.1}% 100
\BOOKMARK [2][-]{subsection.11.1.5}{Compute weights \(optional step\)}{section.11.1}% 101
\BOOKMARK [2][-]{subsection.11.1.6}{Display results}{section.11.1}% 102
\BOOKMARK [1][-]{section.11.2}{Batch analysis}{chapter.11}% 103
\BOOKMARK [2][-]{subsection.11.2.1}{Data \046 Design}{section.11.2}% 104
\BOOKMARK [2][-]{subsection.11.2.2}{Feature set / Kernel}{section.11.2}% 105
\BOOKMARK [2][-]{subsection.11.2.3}{Specify model}{section.11.2}% 106
\BOOKMARK [2][-]{subsection.11.2.4}{Run model}{section.11.2}% 107
\BOOKMARK [2][-]{subsection.11.2.5}{Compute weights \(optional step\)}{section.11.2}% 108
\BOOKMARK [0][-]{chapter.12}{Regression dataset}{part.3}% 109
\BOOKMARK [1][-]{section.12.1}{GUI analysis}{chapter.12}% 110
\BOOKMARK [2][-]{subsection.12.1.1}{Data \046 Design}{section.12.1}% 111
\BOOKMARK [2][-]{subsection.12.1.2}{Prepare feature set}{section.12.1}% 112
\BOOKMARK [2][-]{subsection.12.1.3}{Specify model}{section.12.1}% 113
\BOOKMARK [2][-]{subsection.12.1.4}{Display results}{section.12.1}% 114
\BOOKMARK [1][-]{section.12.2}{Batch analysis}{chapter.12}% 115
\BOOKMARK [2][-]{subsection.12.2.1}{Data \046 Design}{section.12.2}% 116
\BOOKMARK [2][-]{subsection.12.2.2}{Feature set/Kernel}{section.12.2}% 117
\BOOKMARK [2][-]{subsection.12.2.3}{Specify model \(KRR\)}{section.12.2}% 118
\BOOKMARK [2][-]{subsection.12.2.4}{Run model \(KRR\)}{section.12.2}% 119
\BOOKMARK [2][-]{subsection.12.2.5}{Specify and Run model \(RVR and GPR\)}{section.12.2}% 120
\BOOKMARK [-1][-]{part.4}{IV Advanced topics}{}% 121
\BOOKMARK [0][-]{chapter.13}{Developer's guide}{part.4}% 122
\BOOKMARK [1][-]{section.13.1}{Introduction}{chapter.13}% 123
\BOOKMARK [1][-]{section.13.2}{Code organisation}{chapter.13}% 124
\BOOKMARK [2][-]{subsection.13.2.1}{User interface}{section.13.2}% 125
\BOOKMARK [2][-]{subsection.13.2.2}{Machine learning}{section.13.2}% 126
\BOOKMARK [2][-]{subsection.13.2.3}{Machines}{section.13.2}% 127
\BOOKMARK [0][-]{chapter.14}{PRT structure}{part.4}% 128
\BOOKMARK [0][-]{chapter.15}{List of PRoNTo functions }{part.4}% 129
\BOOKMARK [1][-]{section.15.1}{pronto.m}{chapter.15}% 130
\BOOKMARK [1][-]{section.15.2}{prt.m}{chapter.15}% 131
\BOOKMARK [1][-]{section.15.3}{prt\137apply\137operation.m}{chapter.15}% 132
\BOOKMARK [1][-]{section.15.4}{prt\137check\137design.m}{chapter.15}% 133
\BOOKMARK [1][-]{section.15.5}{prt\137compute\137weights.m}{chapter.15}% 134
\BOOKMARK [1][-]{section.15.6}{prt\137cv\137model.m}{chapter.15}% 135
\BOOKMARK [1][-]{section.15.7}{prt\137cv\137opt\137param.m}{chapter.15}% 136
\BOOKMARK [1][-]{section.15.8}{prt\137data\137conditions.m}{chapter.15}% 137
\BOOKMARK [1][-]{section.15.9}{prt\137data\137modality.m}{chapter.15}% 138
\BOOKMARK [1][-]{section.15.10}{prt\137data\137review.m}{chapter.15}% 139
\BOOKMARK [1][-]{section.15.11}{prt\137defaults.m}{chapter.15}% 140
\BOOKMARK [1][-]{section.15.12}{prt\137fs.m}{chapter.15}% 141
\BOOKMARK [1][-]{section.15.13}{prt\137func2html.m}{chapter.15}% 142
\BOOKMARK [1][-]{section.15.14}{prt\137get\137defaults.m}{chapter.15}% 143
\BOOKMARK [1][-]{section.15.15}{prt\137get\137filename.m}{chapter.15}% 144
\BOOKMARK [1][-]{section.15.16}{prt\137init\137fs.m}{chapter.15}% 145
\BOOKMARK [1][-]{section.15.17}{prt\137init\137model.m}{chapter.15}% 146
\BOOKMARK [1][-]{section.15.18}{prt\137latex.m}{chapter.15}% 147
\BOOKMARK [1][-]{section.15.19}{prt\137load.m}{chapter.15}% 148
\BOOKMARK [1][-]{section.15.20}{prt\137load\137blocks.m}{chapter.15}% 149
\BOOKMARK [1][-]{section.15.21}{prt\137model.m}{chapter.15}% 150
\BOOKMARK [1][-]{section.15.22}{prt\137normalise\137kernel.m}{chapter.15}% 151
\BOOKMARK [1][-]{section.15.23}{prt\137permutation.m}{chapter.15}% 152
\BOOKMARK [1][-]{section.15.24}{prt\137preproc.m}{chapter.15}% 153
\BOOKMARK [1][-]{section.15.25}{prt\137remove\137confounds.m}{chapter.15}% 154
\BOOKMARK [1][-]{section.15.26}{prt\137stats.m}{chapter.15}% 155
\BOOKMARK [1][-]{section.15.27}{prt\137struct2latex.m}{chapter.15}% 156
\BOOKMARK [1][-]{section.15.28}{prt\137text\137input.m}{chapter.15}% 157
\BOOKMARK [1][-]{section.15.29}{prt\137ui\137compute\137weights.m}{chapter.15}% 158
\BOOKMARK [1][-]{section.15.30}{prt\137ui\137cv\137model.m}{chapter.15}% 159
\BOOKMARK [1][-]{section.15.31}{prt\137ui\137design.m}{chapter.15}% 160
\BOOKMARK [1][-]{section.15.32}{prt\137ui\137kernel\137construction.m}{chapter.15}% 161
\BOOKMARK [1][-]{section.15.33}{prt\137ui\137main.m}{chapter.15}% 162
\BOOKMARK [1][-]{section.15.34}{prt\137ui\137model.m}{chapter.15}% 163
\BOOKMARK [1][-]{section.15.35}{prt\137ui\137prepare\137data.m}{chapter.15}% 164
\BOOKMARK [1][-]{section.15.36}{prt\137ui\137prepare\137datamod.m}{chapter.15}% 165
\BOOKMARK [1][-]{section.15.37}{prt\137ui\137results.m}{chapter.15}% 166
\BOOKMARK [1][-]{section.15.38}{prt\137ui\137results\137help.m}{chapter.15}% 167
\BOOKMARK [1][-]{section.15.39}{prt\137ui\137reviewCV.m}{chapter.15}% 168
\BOOKMARK [1][-]{section.15.40}{prt\137ui\137reviewmodel.m}{chapter.15}% 169
\BOOKMARK [1][-]{section.15.41}{prt\137ui\137select\137class.m}{chapter.15}% 170
\BOOKMARK [1][-]{section.15.42}{prt\137ui\137select\137reg.m}{chapter.15}% 171
\BOOKMARK [1][-]{section.15.43}{prt\137ui\137stats.m}{chapter.15}% 172
\BOOKMARK [1][-]{section.15.44}{prt\137ui\137sure.m}{chapter.15}% 173
\BOOKMARK [1][-]{section.15.45}{machines}{chapter.15}% 174
\BOOKMARK [2][-]{subsection.15.45.1}{machines\134prt\137KRR.m}{section.15.45}% 175
\BOOKMARK [2][-]{subsection.15.45.2}{machines\134prt\137machine.m}{section.15.45}% 176
\BOOKMARK [2][-]{subsection.15.45.3}{machines\134prt\137machine\137RT\137bin.m}{section.15.45}% 177
\BOOKMARK [2][-]{subsection.15.45.4}{machines\134prt\137machine\137gpclap.m}{section.15.45}% 178
\BOOKMARK [2][-]{subsection.15.45.5}{machines\134prt\137machine\137gpml.m}{section.15.45}% 179
\BOOKMARK [2][-]{subsection.15.45.6}{machines\134prt\137machine\137gpr.m}{section.15.45}% 180
\BOOKMARK [2][-]{subsection.15.45.7}{machines\134prt\137machine\137krr.m}{section.15.45}% 181
\BOOKMARK [2][-]{subsection.15.45.8}{machines\134prt\137machine\137rvr.m}{section.15.45}% 182
\BOOKMARK [2][-]{subsection.15.45.9}{machines\134prt\137machine\137svm\137bin.m}{section.15.45}% 183
\BOOKMARK [2][-]{subsection.15.45.10}{machines\134prt\137rvr.m}{section.15.45}% 184
\BOOKMARK [2][-]{subsection.15.45.11}{machines\134prt\137weights.m}{section.15.45}% 185
\BOOKMARK [2][-]{subsection.15.45.12}{machines\134prt\137weights\137bin\137linkernel.m}{section.15.45}% 186
\BOOKMARK [2][-]{subsection.15.45.13}{machines\134prt\137weights\137svm\137bin.m}{section.15.45}% 187
\BOOKMARK [1][-]{section.15.46}{utils}{chapter.15}% 188
\BOOKMARK [2][-]{subsection.15.46.1}{utils\134prt\137centre\137kernel.m}{section.15.46}% 189
\BOOKMARK [2][-]{subsection.15.46.2}{utils\134prt\137checkAlphaNumUnder.m}{section.15.46}% 190
\BOOKMARK [2][-]{subsection.15.46.3}{utils\134prt\137normalise\137kernel.m}{section.15.46}% 191
\BOOKMARK [-1][-]{part.5}{V Bibliography}{}% 192
