This is pdfTeX, Version 3.1415926-2.4-1.40.13 (TeX Live 2012) (format=pdflatex 2013.4.2)  16 APR 2013 16:30
entering extended mode
 restricted \write18 enabled.
 %&-line parsing enabled.
**prt_manual.tex
(./prt_manual.tex
LaTeX2e <2011/06/27>
Babel <v3.8m> and hyphenation patterns for english, dumylang, nohyphenation, et
hiopic, arabic, farsi, pinyin, croatian, bulgarian, russian, ukrainian, czech, 
slovak, danish, dutch, ukenglish, usenglishmax, finnish, basque, french, german
-x-2012-05-30, ngerman-x-2012-05-30, german, ngerman, swissgerman, ancientgreek
, ibycus, greek, monogreek, hungarian, assamese, bengali, gujarati, hindi, kann
ada, malayalam, marathi, oriya, panjabi, tamil, telugu, sanskrit, italian, latv
ian, lithuanian, mongolian, mongolianlmc, bokmal, nynorsk, afrikaans, armenian,
 coptic, esperanto, estonian, friulan, icelandic, indonesian, interlingua, iris
h, kurmanji, romanian, romansh, serbianc, serbian, slovenian, turkish, uppersor
bian, welsh, polish, portuguese, catalan, galician, spanish, swedish, loaded.
(/usr/share/texmf-dist/tex/latex/base/book.cls
Document Class: book 2007/10/19 v1.4h Standard LaTeX document class
(/usr/share/texmf-dist/tex/latex/base/bk10.clo
File: bk10.clo 2007/10/19 v1.4h Standard LaTeX file (size option)
)
\c@part=\count79
\c@chapter=\count80
\c@section=\count81
\c@subsection=\count82
\c@subsubsection=\count83
\c@paragraph=\count84
\c@subparagraph=\count85
\c@figure=\count86
\c@table=\count87
\abovecaptionskip=\skip41
\belowcaptionskip=\skip42
\bibindent=\dimen102
)
(/usr/share/texmf-dist/tex/latex/graphics/epsfig.sty
Package: epsfig 1999/02/16 v1.7a (e)psfig emulation (SPQR)

(/usr/share/texmf-dist/tex/latex/graphics/graphicx.sty
Package: graphicx 1999/02/16 v1.0f Enhanced LaTeX Graphics (DPC,SPQR)

(/usr/share/texmf-dist/tex/latex/graphics/keyval.sty
Package: keyval 1999/03/16 v1.13 key=value parser (DPC)
\KV@toks@=\toks14
)
(/usr/share/texmf-dist/tex/latex/graphics/graphics.sty
Package: graphics 2009/02/05 v1.0o Standard LaTeX Graphics (DPC,SPQR)

(/usr/share/texmf-dist/tex/latex/graphics/trig.sty
Package: trig 1999/03/16 v1.09 sin cos tan (DPC)
)
(/usr/share/texmf-dist/tex/latex/latexconfig/graphics.cfg
File: graphics.cfg 2010/04/23 v1.9 graphics configuration of TeX Live
)
Package graphics Info: Driver file: pdftex.def on input line 91.

(/usr/share/texmf-dist/tex/latex/pdftex-def/pdftex.def
File: pdftex.def 2011/05/27 v0.06d Graphics/color for pdfTeX

(/usr/share/texmf-dist/tex/generic/oberdiek/infwarerr.sty
Package: infwarerr 2010/04/08 v1.3 Providing info/warning/error messages (HO)
)
(/usr/share/texmf-dist/tex/generic/oberdiek/ltxcmds.sty
Package: ltxcmds 2011/11/09 v1.22 LaTeX kernel commands for general use (HO)
)
\Gread@gobject=\count88
))
\Gin@req@height=\dimen103
\Gin@req@width=\dimen104
)
\epsfxsize=\dimen105
\epsfysize=\dimen106
)
(/usr/share/texmf-dist/tex/latex/amsmath/amsmath.sty
Package: amsmath 2000/07/18 v2.13 AMS math features
\@mathmargin=\skip43

For additional information on amsmath, use the `?' option.
(/usr/share/texmf-dist/tex/latex/amsmath/amstext.sty
Package: amstext 2000/06/29 v2.01

(/usr/share/texmf-dist/tex/latex/amsmath/amsgen.sty
File: amsgen.sty 1999/11/30 v2.0
\@emptytoks=\toks15
\ex@=\dimen107
))
(/usr/share/texmf-dist/tex/latex/amsmath/amsbsy.sty
Package: amsbsy 1999/11/29 v1.2d
\pmbraise@=\dimen108
)
(/usr/share/texmf-dist/tex/latex/amsmath/amsopn.sty
Package: amsopn 1999/12/14 v2.01 operator names
)
\inf@bad=\count89
LaTeX Info: Redefining \frac on input line 211.
\uproot@=\count90
\leftroot@=\count91
LaTeX Info: Redefining \overline on input line 307.
\classnum@=\count92
\DOTSCASE@=\count93
LaTeX Info: Redefining \ldots on input line 379.
LaTeX Info: Redefining \dots on input line 382.
LaTeX Info: Redefining \cdots on input line 467.
\Mathstrutbox@=\box26
\strutbox@=\box27
\big@size=\dimen109
LaTeX Font Info:    Redeclaring font encoding OML on input line 567.
LaTeX Font Info:    Redeclaring font encoding OMS on input line 568.
\macc@depth=\count94
\c@MaxMatrixCols=\count95
\dotsspace@=\muskip10
\c@parentequation=\count96
\dspbrk@lvl=\count97
\tag@help=\toks16
\row@=\count98
\column@=\count99
\maxfields@=\count100
\andhelp@=\toks17
\eqnshift@=\dimen110
\alignsep@=\dimen111
\tagshift@=\dimen112
\tagwidth@=\dimen113
\totwidth@=\dimen114
\lineht@=\dimen115
\@envbody=\toks18
\multlinegap=\skip44
\multlinetaggap=\skip45
\mathdisplay@stack=\toks19
LaTeX Info: Redefining \[ on input line 2666.
LaTeX Info: Redefining \] on input line 2667.
)
(/usr/share/texmf-dist/tex/latex/psnfss/pifont.sty
Package: pifont 2005/04/12 PSNFSS-v9.2a Pi font support (SPQR) 
LaTeX Font Info:    Try loading font information for U+pzd on input line 63.

(/usr/share/texmf-dist/tex/latex/psnfss/upzd.fd
File: upzd.fd 2001/06/04 font definitions for U/pzd.
)
LaTeX Font Info:    Try loading font information for U+psy on input line 64.

(/usr/share/texmf-dist/tex/latex/psnfss/upsy.fd
File: upsy.fd 2001/06/04 font definitions for U/psy.
))
(/usr/share/texmf-dist/tex/latex/moreverb/moreverb.sty
Package: moreverb 2008/06/03 v2.3a `more' verbatim facilities

(/usr/share/texmf-dist/tex/latex/tools/verbatim.sty
Package: verbatim 2003/08/22 v1.5q LaTeX2e package for verbatim enhancements
\every@verbatim=\toks20
\verbatim@line=\toks21
\verbatim@in@stream=\read1
)
\tab@position=\count101
\tab@size=\count102
\listing@line=\count103
)
(/usr/share/texmf-dist/tex/latex/minitoc/minitoc.sty
Package: minitoc 2008/07/16 v60 Package minitoc (JPFD)

(/usr/share/texmf-dist/tex/latex/minitoc/mtcmess.sty
Package: mtcmess 2006/03/14
)
Package minitoc Info: I0001
(minitoc)             *** minitoc package, version 60 ***.
\tf@mtc=\write3
\mtcindent=\skip46
\mtcskipamount=\skip47
Package minitoc Info: I0005
(minitoc)             compatible with hyperref.
Package minitoc Info: I0023
(minitoc)             part level macros available.
Package minitoc Info: I0003
(minitoc)             chapter level macros available.
\mtc@toks=\toks22
\mtc@strutbox=\box28
\mtc@hstrutbox=\box29
Package minitoc Info: I0002
(minitoc)             Autoconfiguration of extensions.
\openout3 = `prt_manual.mtc0'.

\openout3 = `prt_manual.mtc'.

 (./prt_manual.mtc0)
Package minitoc Info: I0012
(minitoc)             Long extensions (Unix-like) will be used.
Package minitoc Info: I0031
(minitoc)             ==> this version is configured for UNIX-like 
(minitoc)                 (long extensions) file names.
\openout3 = `prt_manual.mtc'.

\openout3 = `prt_manual.mtc0'.

\c@mtc=\count104
\c@minitocdepth=\count105
\c@ptc=\count106
\c@parttocdepth=\count107
\ptcindent=\skip48
Package minitoc Info: I0010
(minitoc)             The english language is selected.
(minitoc)              on input line 4910.

(/usr/share/texmf-dist/tex/latex/minitoc/english.mld
File: english.mld 2006/01/13
)
(/usr/share/texmf-dist/tex/latex/minitoc/english.mld
File: english.mld 2006/01/13
))
(/usr/share/texmf-dist/tex/latex/base/alltt.sty
Package: alltt 1997/06/16 v2.0g defines alltt environment
)
(/usr/share/texmf-dist/tex/latex/hyperref/hyperref.sty
Package: hyperref 2012/05/13 v6.82q Hypertext links for LaTeX

(/usr/share/texmf-dist/tex/generic/oberdiek/hobsub-hyperref.sty
Package: hobsub-hyperref 2012/05/28 v1.13 Bundle oberdiek, subset hyperref (HO)


(/usr/share/texmf-dist/tex/generic/oberdiek/hobsub-generic.sty
Package: hobsub-generic 2012/05/28 v1.13 Bundle oberdiek, subset generic (HO)
Package: hobsub 2012/05/28 v1.13 Construct package bundles (HO)
Package hobsub Info: Skipping package `infwarerr' (already loaded).
Package hobsub Info: Skipping package `ltxcmds' (already loaded).
Package: ifluatex 2010/03/01 v1.3 Provides the ifluatex switch (HO)
Package ifluatex Info: LuaTeX not detected.
Package: ifvtex 2010/03/01 v1.5 Detect VTeX and its facilities (HO)
Package ifvtex Info: VTeX not detected.
Package: intcalc 2007/09/27 v1.1 Expandable calculations with integers (HO)
Package: ifpdf 2011/01/30 v2.3 Provides the ifpdf switch (HO)
Package ifpdf Info: pdfTeX in PDF mode is detected.
Package: etexcmds 2011/02/16 v1.5 Avoid name clashes with e-TeX commands (HO)
Package etexcmds Info: Could not find \expanded.
(etexcmds)             That can mean that you are not using pdfTeX 1.50 or
(etexcmds)             that some package has redefined \expanded.
(etexcmds)             In the latter case, load this package earlier.
Package: kvsetkeys 2012/04/25 v1.16 Key value parser (HO)
Package: kvdefinekeys 2011/04/07 v1.3 Define keys (HO)
Package: pdftexcmds 2011/11/29 v0.20 Utility functions of pdfTeX for LuaTeX (HO
)
Package pdftexcmds Info: LuaTeX not detected.
Package pdftexcmds Info: \pdf@primitive is available.
Package pdftexcmds Info: \pdf@ifprimitive is available.
Package pdftexcmds Info: \pdfdraftmode found.
Package: pdfescape 2011/11/25 v1.13 Implements pdfTeX's escape features (HO)
Package: bigintcalc 2012/04/08 v1.3 Expandable calculations on big integers (HO
)
Package: bitset 2011/01/30 v1.1 Handle bit-vector datatype (HO)
Package: uniquecounter 2011/01/30 v1.2 Provide unlimited unique counter (HO)
)
Package hobsub Info: Skipping package `hobsub' (already loaded).
Package: letltxmacro 2010/09/02 v1.4 Let assignment for LaTeX macros (HO)
Package: hopatch 2012/05/28 v1.2 Wrapper for package hooks (HO)
Package: xcolor-patch 2011/01/30 xcolor patch
Package: atveryend 2011/06/30 v1.8 Hooks at the very end of document (HO)
Package atveryend Info: \enddocument detected (standard20110627).
Package: atbegshi 2011/10/05 v1.16 At begin shipout hook (HO)
Package: refcount 2011/10/16 v3.4 Data extraction from label references (HO)
Package: hycolor 2011/01/30 v1.7 Color options for hyperref/bookmark (HO)
)
(/usr/share/texmf-dist/tex/generic/ifxetex/ifxetex.sty
Package: ifxetex 2010/09/12 v0.6 Provides ifxetex conditional
)
(/usr/share/texmf-dist/tex/latex/oberdiek/kvoptions.sty
Package: kvoptions 2011/06/30 v3.11 Key value format for package options (HO)
)
\@linkdim=\dimen116
\Hy@linkcounter=\count108
\Hy@pagecounter=\count109

(/usr/share/texmf-dist/tex/latex/hyperref/pd1enc.def
File: pd1enc.def 2012/05/13 v6.82q Hyperref: PDFDocEncoding definition (HO)
)
\Hy@SavedSpaceFactor=\count110

(/usr/share/texmf-dist/tex/latex/latexconfig/hyperref.cfg
File: hyperref.cfg 2002/06/06 v1.2 hyperref configuration of TeXLive
)
Package hyperref Info: Option `colorlinks' set `true' on input line 3941.
Package hyperref Info: Hyper figures OFF on input line 4062.
Package hyperref Info: Link nesting OFF on input line 4067.
Package hyperref Info: Hyper index ON on input line 4070.
Package hyperref Info: Plain pages OFF on input line 4077.
Package hyperref Info: Backreferencing OFF on input line 4082.
Package hyperref Info: Implicit mode ON; LaTeX internals redefined.
Package hyperref Info: Bookmarks ON on input line 4300.
\c@Hy@tempcnt=\count111

(/usr/share/texmf-dist/tex/latex/url/url.sty
\Urlmuskip=\muskip11
Package: url 2006/04/12  ver 3.3  Verb mode for urls, etc.
)
LaTeX Info: Redefining \url on input line 4653.
\Fld@menulength=\count112
\Field@Width=\dimen117
\Fld@charsize=\dimen118
Package hyperref Info: Hyper figures OFF on input line 5773.
Package hyperref Info: Link nesting OFF on input line 5778.
Package hyperref Info: Hyper index ON on input line 5781.
Package hyperref Info: backreferencing OFF on input line 5788.
Package hyperref Info: Link coloring ON on input line 5791.
Package hyperref Info: Link coloring with OCG OFF on input line 5798.
Package hyperref Info: PDF/A mode OFF on input line 5803.
LaTeX Info: Redefining \ref on input line 5843.
LaTeX Info: Redefining \pageref on input line 5847.
\Hy@abspage=\count113
\c@Item=\count114
\c@Hfootnote=\count115
)

Package hyperref Message: Driver (autodetected): hpdftex.

(/usr/share/texmf-dist/tex/latex/hyperref/hpdftex.def
File: hpdftex.def 2012/05/13 v6.82q Hyperref driver for pdfTeX
\Fld@listcount=\count116
\c@bookmark@seq@number=\count117

(/usr/share/texmf-dist/tex/latex/oberdiek/rerunfilecheck.sty
Package: rerunfilecheck 2011/04/15 v1.7 Rerun checks for auxiliary files (HO)
Package uniquecounter Info: New unique counter `rerunfilecheck' on input line 2
82.
)
\Hy@SectionHShift=\skip49
)
(/usr/share/texmf-dist/tex/latex/tocloft/tocloft.sty
Package: tocloft 2010/10/13 v2.3e parameterised ToC, etc., typesetting
Package tocloft Info: The document has chapter divisions on input line 43.
\cftparskip=\skip50
\cftbeforetoctitleskip=\skip51
\cftaftertoctitleskip=\skip52
\cftbeforepartskip=\skip53
\cftpartnumwidth=\skip54
\cftpartindent=\skip55
\cftbeforechapskip=\skip56
\cftchapindent=\skip57
\cftchapnumwidth=\skip58
\cftbeforesecskip=\skip59
\cftsecindent=\skip60
\cftsecnumwidth=\skip61
\cftbeforesubsecskip=\skip62
\cftsubsecindent=\skip63
\cftsubsecnumwidth=\skip64
\cftbeforesubsubsecskip=\skip65
\cftsubsubsecindent=\skip66
\cftsubsubsecnumwidth=\skip67
\cftbeforeparaskip=\skip68
\cftparaindent=\skip69
\cftparanumwidth=\skip70
\cftbeforesubparaskip=\skip71
\cftsubparaindent=\skip72
\cftsubparanumwidth=\skip73
\cftbeforeloftitleskip=\skip74
\cftafterloftitleskip=\skip75
\cftbeforefigskip=\skip76
\cftfigindent=\skip77
\cftfignumwidth=\skip78
\c@lofdepth=\count118
\c@lotdepth=\count119
\cftbeforelottitleskip=\skip79
\cftafterlottitleskip=\skip80
\cftbeforetabskip=\skip81
\cfttabindent=\skip82
\cfttabnumwidth=\skip83
) (./prt_manual.aux
(./introduction.aux) (./gui1_DataDesign.aux) (./gui2_PreprocKernel.aux)
(./gui3_ModelCrossV.aux) (./gui4_ModelWeight.aux) (./gui5_DisRes.aux)
(./batch_data.aux) (./batch_fs.aux) (./batch_model.aux) (./batch_cv_model.aux)
(./data_example1.aux) (./data_example2.aux) (./dev_guide.aux)
(./adv_PRTstruct.aux) (./adv_functions.aux))
\openout1 = `prt_manual.aux'.

LaTeX Font Info:    Checking defaults for OML/cmm/m/it on input line 57.
LaTeX Font Info:    ... okay on input line 57.
LaTeX Font Info:    Checking defaults for T1/cmr/m/n on input line 57.
LaTeX Font Info:    ... okay on input line 57.
LaTeX Font Info:    Checking defaults for OT1/cmr/m/n on input line 57.
LaTeX Font Info:    ... okay on input line 57.
LaTeX Font Info:    Checking defaults for OMS/cmsy/m/n on input line 57.
LaTeX Font Info:    ... okay on input line 57.
LaTeX Font Info:    Checking defaults for OMX/cmex/m/n on input line 57.
LaTeX Font Info:    ... okay on input line 57.
LaTeX Font Info:    Checking defaults for U/cmr/m/n on input line 57.
LaTeX Font Info:    ... okay on input line 57.
LaTeX Font Info:    Checking defaults for PD1/pdf/m/n on input line 57.
LaTeX Font Info:    ... okay on input line 57.

(/usr/share/texmf-dist/tex/context/base/supp-pdf.mkii
[Loading MPS to PDF converter (version 2006.09.02).]
\scratchcounter=\count120
\scratchdimen=\dimen119
\scratchbox=\box30
\nofMPsegments=\count121
\nofMParguments=\count122
\everyMPshowfont=\toks23
\MPscratchCnt=\count123
\MPscratchDim=\dimen120
\MPnumerator=\count124
\makeMPintoPDFobject=\count125
\everyMPtoPDFconversion=\toks24
) (/usr/share/texmf-dist/tex/latex/oberdiek/epstopdf-base.sty
Package: epstopdf-base 2010/02/09 v2.5 Base part for package epstopdf

(/usr/share/texmf-dist/tex/latex/oberdiek/grfext.sty
Package: grfext 2010/08/19 v1.1 Manage graphics extensions (HO)
)
Package grfext Info: Graphics extension search list:
(grfext)             [.png,.pdf,.jpg,.mps,.jpeg,.jbig2,.jb2,.PNG,.PDF,.JPG,.JPE
G,.JBIG2,.JB2,.eps]
(grfext)             \AppendGraphicsExtensions on input line 452.

(/usr/share/texmf-dist/tex/latex/latexconfig/epstopdf-sys.cfg
File: epstopdf-sys.cfg 2010/07/13 v1.3 Configuration of (r)epstopdf for TeX Liv
e
))
\c@minilofdepth=\count126
\c@minilotdepth=\count127
\c@partlofdepth=\count128
\c@partlotdepth=\count129
\c@sectlofdepth=\count130
\c@sectlotdepth=\count131
Package minitoc(hints) Info: I0049
(minitoc(hints))             ==> You requested the hints option. 
(minitoc(hints))             Some hints are eventually given below.
Package minitoc(hints) Info: I0047
(minitoc(hints))             --- The tocloft package is loaded. 
(minitoc(hints))             See the minitoc package documentation 
(minitoc(hints))             for specific precautions.


Package minitoc(hints) Warning: W0030
(minitoc(hints))                --- The \part command is altered 
(minitoc(hints))                after minitoc.


Package minitoc(hints) Warning: W0023
(minitoc(hints))                --- It may be the consequence 
(minitoc(hints))                of loading the ``hyperref'' package.


Package minitoc(hints) Warning: W0028
(minitoc(hints))                --- The \chapter command is altered 
(minitoc(hints))                after minitoc.


Package minitoc(hints) Warning: W0023
(minitoc(hints))                --- It may be the consequence 
(minitoc(hints))                of loading the ``hyperref'' package.

\AtBeginShipoutBox=\box31
(/usr/share/texmf-dist/tex/latex/graphics/color.sty
Package: color 2005/11/14 v1.0j Standard LaTeX Color (DPC)

(/usr/share/texmf-dist/tex/latex/latexconfig/color.cfg
File: color.cfg 2007/01/18 v1.5 color configuration of teTeX/TeXLive
)
Package color Info: Driver file: pdftex.def on input line 130.
)
Package hyperref Info: Link coloring ON on input line 57.

(/usr/share/texmf-dist/tex/latex/hyperref/nameref.sty
Package: nameref 2010/04/30 v2.40 Cross-referencing by name of section

(/usr/share/texmf-dist/tex/generic/oberdiek/gettitlestring.sty
Package: gettitlestring 2010/12/03 v1.4 Cleanup title references (HO)
)
\c@section@level=\count132
)
LaTeX Info: Redefining \ref on input line 57.
LaTeX Info: Redefining \pageref on input line 57.
LaTeX Info: Redefining \nameref on input line 57.

(./prt_manual.out) (./prt_manual.out)
\@outlinefile=\write4
\openout4 = `prt_manual.out'.

\centeroffset=\skip84
Package minitoc Info: I0024
(minitoc)             PREPARING MINITOCS FROM prt_manual.toc on input line 114.

Package minitoc Info: I0033
(minitoc)             Writing prt_manual.mtc1.
\openout3 = `prt_manual.mtc1'.

Package minitoc Info: I0033
(minitoc)             Writing prt_manual.mtc2.
\openout3 = `prt_manual.mtc2'.

Package minitoc Info: I0033
(minitoc)             Writing prt_manual.mtc3.
\openout3 = `prt_manual.mtc3'.

Package minitoc Info: I0033
(minitoc)             Writing prt_manual.mtc4.
\openout3 = `prt_manual.mtc4'.

Package minitoc Info: I0033
(minitoc)             Writing prt_manual.mtc5.
\openout3 = `prt_manual.mtc5'.

Package minitoc Info: I0033
(minitoc)             Writing prt_manual.mtc6.
\openout3 = `prt_manual.mtc6'.

Package minitoc Info: I0033
(minitoc)             Writing prt_manual.mtc7.
\openout3 = `prt_manual.mtc7'.

Package minitoc Info: I0033
(minitoc)             Writing prt_manual.mtc8.
\openout3 = `prt_manual.mtc8'.

Package minitoc Info: I0033
(minitoc)             Writing prt_manual.mtc9.
\openout3 = `prt_manual.mtc9'.

Package minitoc Info: I0033
(minitoc)             Writing prt_manual.mtc10.
\openout3 = `prt_manual.mtc10'.

Package minitoc Info: I0033
(minitoc)             Writing prt_manual.mtc11.
\openout3 = `prt_manual.mtc11'.

Package minitoc Info: I0033
(minitoc)             Writing prt_manual.mtc12.
\openout3 = `prt_manual.mtc12'.

Package minitoc Info: I0033
(minitoc)             Writing prt_manual.mtc13.
\openout3 = `prt_manual.mtc13'.

Package minitoc Info: I0033
(minitoc)             Writing prt_manual.mtc14.
\openout3 = `prt_manual.mtc14'.

Package minitoc Info: I0033
(minitoc)             Writing prt_manual.mtc15.
\openout3 = `prt_manual.mtc15'.

 [1

{/var/lib/texmf/fonts/map/pdftex/updmap/pdftex.map}] [2

] (./prt_manual.toc [3] [4]
Overfull \hbox (1.74986pt too wide) detected at line 196
 \OT1/cmr/bx/n/10 101
 []


Overfull \hbox (1.74986pt too wide) detected at line 197
 \OT1/cmr/bx/n/10 105
 []

[5]
LaTeX Font Info:    Try loading font information for OMS+cmr on input line 243.

 (/usr/share/texmf-dist/tex/latex/base/omscmr.fd
File: omscmr.fd 1999/05/25 v2.5h Standard LaTeX font definitions
)
LaTeX Font Info:    Font shape `OMS/cmr/m/n' in size <10> not available
(Font)              Font shape `OMS/cmsy/m/n' tried instead on input line 243.
)
\tf@toc=\write5
\openout5 = `prt_manual.toc'.

 [6]
\openout2 = `introduction.aux'.

 (./introduction.tex
Chapter 1.
\openout3 = `prt_manual.mtc'.

\openout3 = `prt_manual.mtc'.

(./prt_manual.mtc1) [7


]
Missing character: There is no ï in font cmr10!
Missing character: There is no ¿ in font cmr10!
Missing character: There is no ½ in font cmr10!
 [8]
Underfull \hbox (badness 10000) in paragraph at lines 55--56

 []


Underfull \hbox (badness 10000) in paragraph at lines 56--57

 []


Underfull \hbox (badness 10000) in paragraph at lines 57--58

 []


Underfull \hbox (badness 10000) in paragraph at lines 58--59

 []

<images/fig2_main_prt.png, id=1061, 412.54124pt x 585.18625pt>
File: images/fig2_main_prt.png Graphic file (type png)

<use images/fig2_main_prt.png>
Package pdftex.def Info: images/fig2_main_prt.png used on input line 73.
(pdftex.def)             Requested size: 140.40694pt x 199.16928pt.
 [9] [10 <./images/fig2_main_prt.png>]) [11]
[12


] [13] [14]
\openout2 = `gui1_DataDesign.aux'.

 (./gui1_DataDesign.tex
Chapter 2.
\openout3 = `prt_manual.mtc'.

\openout3 = `prt_manual.mtc'.

(./prt_manual.mtc2) [15


] [16]
<images/Figure1.png, id=1143, 1039.885pt x 443.6575pt>
File: images/Figure1.png Graphic file (type png)

<use images/Figure1.png>
Package pdftex.def Info: images/Figure1.png used on input line 48.
(pdftex.def)             Requested size: 372.6605pt x 158.99377pt.
 [17 <./images/Figure1.png>]
<images/Figure2.png, id=1152, 1017.8025pt x 514.92375pt>
File: images/Figure2.png Graphic file (type png)

<use images/Figure2.png>
Package pdftex.def Info: images/Figure2.png used on input line 62.
(pdftex.def)             Requested size: 385.68185pt x 195.12877pt.
 [18 <./images/Figure2.png>]
<images/Figure3.png, id=1162, 1016.79875pt x 616.3025pt>
File: images/Figure3.png Graphic file (type png)

<use images/Figure3.png>
Package pdftex.def Info: images/Figure3.png used on input line 86.
(pdftex.def)             Requested size: 417.3091pt x 252.94499pt.
 [19 <./images/Figure3.png>]
<images/Figure4.png, id=1176, 579.16376pt x 358.33875pt>
File: images/Figure4.png Graphic file (type png)

<use images/Figure4.png>
Package pdftex.def Info: images/Figure4.png used on input line 104.
(pdftex.def)             Requested size: 350.42609pt x 216.81pt.
 [20 <./images/Figure4.png>]
<images/Figure5.png, id=1188, 551.05875pt x 424.58624pt>
File: images/Figure5.png Graphic file (type png)

<use images/Figure5.png>
Package pdftex.def Info: images/Figure5.png used on input line 116.
(pdftex.def)             Requested size: 328.29182pt x 252.94499pt.
Missing character: There is no Ô in font cmr10!
Missing character: There is no Õ in font cmr10!
Missing character: There is no Ô in font cmr10!
Missing character: There is no Õ in font cmr10!

<images/Figure6.png, id=1190, 620.3175pt x 490.83376pt>
File: images/Figure6.png Graphic file (type png)

<use images/Figure6.png>
Package pdftex.def Info: images/Figure6.png used on input line 136.
(pdftex.def)             Requested size: 292.26863pt x 231.26378pt.
 [21 <./images/Figure5.png>]
<images/Figure7.png, id=1202, 1003.75pt x 508.90125pt>
File: images/Figure7.png Graphic file (type png)

<use images/Figure7.png>
Package pdftex.def Info: images/Figure7.png used on input line 147.
(pdftex.def)             Requested size: 406.25615pt x 205.96994pt.

Underfull \vbox (badness 1852) has occurred while \output is active []

 [22 <./images/Figure6.png> <./images/Figure7.png>]
<images/Figure8.png, id=1210, 883.3pt x 599.23875pt>
File: images/Figure8.png Graphic file (type png)
 <use images/Figure8.png>
Package pdftex.def Info: images/Figure8.png used on input line 165.
(pdftex.def)             Requested size: 394.16573pt x 267.39877pt.

[23] [24 <./images/Figure8.png>]
<images/Figure9.png, id=1225, 703.62875pt x 625.33624pt>
File: images/Figure9.png Graphic file (type png)

<use images/Figure9.png>
Package pdftex.def Info: images/Figure9.png used on input line 187.
(pdftex.def)             Requested size: 325.28363pt x 289.07999pt.
) [25 <./images/Figure9.png>]
\openout2 = `gui2_PreprocKernel.aux'.

 (./gui2_PreprocKernel.tex [26



]
Chapter 3.
\openout3 = `prt_manual.mtc'.

\openout3 = `prt_manual.mtc'.

(./prt_manual.mtc3)
<images/fig1_lindetrend.png, id=1243, 715.67375pt x 379.4175pt>
File: images/fig1_lindetrend.png Graphic file (type png)

<use images/fig1_lindetrend.png>
Package pdftex.def Info: images/fig1_lindetrend.png used on input line 25.
(pdftex.def)             Requested size: 375.69066pt x 199.16928pt.
 [27] [28 <./images/fig1_lindetrend.png>]
File: images/fig2_main_prt.png Graphic file (type png)

<use images/fig2_main_prt.png>
Package pdftex.def Info: images/fig2_main_prt.png used on input line 52.
(pdftex.def)             Requested size: 140.40694pt x 199.16928pt.

<images/fig3_main_FS.png, id=1266, 481.8pt x 440.64626pt>
File: images/fig3_main_FS.png Graphic file (type png)

<use images/fig3_main_FS.png>
Package pdftex.def Info: images/fig3_main_FS.png used on input line 60.
(pdftex.def)             Requested size: 217.77106pt x 199.16928pt.

<images/fig4_mod_FS.png, id=1269, 382.42876pt x 422.57875pt>
File: images/fig4_mod_FS.png Graphic file (type png)

<use images/fig4_mod_FS.png>
Package pdftex.def Info: images/fig4_mod_FS.png used on input line 69.
(pdftex.def)             Requested size: 180.2492pt x 199.16928pt.
 [29] [30 <./images/fig3_main_FS.png> <./images/fig4_mod_FS.png>] <images/fig5_
batchFS.png, id=1292, 566.115pt x 765.86125pt>
File: images/fig5_batchFS.png Graphic file (type png)

<use images/fig5_batchFS.png>
Package pdftex.def Info: images/fig5_batchFS.png used on input line 91.
(pdftex.def)             Requested size: 147.22098pt x 199.16928pt.
) [31 <./images/fig5_batchFS.png>]
\openout2 = `gui3_ModelCrossV.aux'.


(./gui3_ModelCrossV.tex [32



]
Chapter 4.
\openout3 = `prt_manual.mtc'.

\openout3 = `prt_manual.mtc'.

(./prt_manual.mtc4)
<images/prt_ui_specify_model.PNG, id=1314, 513.92pt x 555.07375pt>
File: images/prt_ui_specify_model.PNG Graphic file (type png)

<use images/prt_ui_specify_model.PNG>
Package pdftex.def Info: images/prt_ui_specify_model.PNG used on input line 20.

(pdftex.def)             Requested size: 234.19467pt x 252.94499pt.
 [33] [34 <./images/prt_ui_specify_model.PNG>] <images/prt_ui_model_classes.PNG
, id=1331, 553.06625pt x 584.1825pt>
File: images/prt_ui_model_classes.PNG Graphic file (type png)

<use images/prt_ui_model_classes.PNG>
Package pdftex.def Info: images/prt_ui_model_classes.PNG used on input line 50.

(pdftex.def)             Requested size: 239.46791pt x 252.94499pt.
 [35 <./images/prt_ui_model_classes.PNG>]
<images/prt_ui_model_regression.PNG, id=1340, 373.395pt x 479.7925pt>
File: images/prt_ui_model_regression.PNG Graphic file (type png)

<use images/prt_ui_model_regression.PNG>
Package pdftex.def Info: images/prt_ui_model_regression.PNG used on input line 
66.
(pdftex.def)             Requested size: 196.85576pt x 252.94499pt.
 [36 <./images/prt_ui_model_regression.PNG>] <images/prt_ui_reviewCV.PNG, id=13
48, 978.65625pt x 528.97626pt>
File: images/prt_ui_reviewCV.PNG Graphic file (type png)

<use images/prt_ui_reviewCV.PNG>
Package pdftex.def Info: images/prt_ui_reviewCV.PNG used on input line 81.
(pdftex.def)             Requested size: 267.40652pt x 144.54pt.
 [37 <./images/prt_ui_reviewCV.PNG>]) [38]
\openout2 = `gui4_ModelWeight.aux'.


(./gui4_ModelWeight.tex
Chapter 5.
\openout3 = `prt_manual.mtc'.

\openout3 = `prt_manual.mtc'.

(./prt_manual.mtc5) [39



]
<images/RunModel.png, id=1372, 536.0025pt x 483.8075pt>
File: images/RunModel.png Graphic file (type png)

<use images/RunModel.png>
Package pdftex.def Info: images/RunModel.png used on input line 26.
(pdftex.def)             Requested size: 284.52756pt x 256.8154pt.

<images/CompWeights.png, id=1374, 642.4pt x 349.305pt>
File: images/CompWeights.png Graphic file (type png)

<use images/CompWeights.png>
Package pdftex.def Info: images/CompWeights.png used on input line 36.
(pdftex.def)             Requested size: 284.52756pt x 154.71269pt.
) [40 <./images/RunModel.png>] [41 <./images/CompWeights.png>]
\openout2 = `gui5_DisRes.aux'.

 (./gui5_DisRes.tex [42



]
Chapter 6.
\openout3 = `prt_manual.mtc'.

\openout3 = `prt_manual.mtc'.

(./prt_manual.mtc6) [43]
<images/prt_ui_results_selectPRT.png, id=1414, 543.02875pt x 635.37375pt>
File: images/prt_ui_results_selectPRT.png Graphic file (type png)

<use images/prt_ui_results_selectPRT.png>
Package pdftex.def Info: images/prt_ui_results_selectPRT.png used on input line
 59.
(pdftex.def)             Requested size: 170.21806pt x 199.16928pt.

<images/prt_ui_results_emptyWin.png, id=1417, 883.3pt x 720.6925pt>
File: images/prt_ui_results_emptyWin.png Graphic file (type png)

<use images/prt_ui_results_emptyWin.png>
Package pdftex.def Info: images/prt_ui_results_emptyWin.png used on input line 
73.
(pdftex.def)             Requested size: 284.52756pt x 232.14388pt.
 [44 <./images/prt_ui_results_selectPRT.png>]
<images/prt_ui_results_plots_pred.png, id=1428, 1009.7725pt x 477.785pt>
File: images/prt_ui_results_plots_pred.png Graphic file (type png)

<use images/prt_ui_results_plots_pred.png>
Package pdftex.def Info: images/prt_ui_results_plots_pred.png used on input lin
e 122.
(pdftex.def)             Requested size: 227.62204pt x 107.70111pt.
 [45 <./images/prt_ui_results_emptyWin.png>]
<images/prt_ui_results_plots_ROC.png, id=1437, 1010.77625pt x 478.78876pt>
File: images/prt_ui_results_plots_ROC.png Graphic file (type png)

<use images/prt_ui_results_plots_ROC.png>
Package pdftex.def Info: images/prt_ui_results_plots_ROC.png used on input line
 146.
(pdftex.def)             Requested size: 227.62204pt x 107.8178pt.

<images/prt_ui_results_plots_hist.png, id=1439, 1010.77625pt x 478.78876pt>
File: images/prt_ui_results_plots_hist.png Graphic file (type png)

<use images/prt_ui_results_plots_hist.png>
Package pdftex.def Info: images/prt_ui_results_plots_hist.png used on input lin
e 168.
(pdftex.def)             Requested size: 227.62204pt x 107.8178pt.
 [46 <./images/prt_ui_results_plots_pred.png> <./images/prt_ui_results_plots_RO
C.png> <./images/prt_ui_results_plots_hist.png>]
<images/prt_ui_results_plots_confMat.png, id=1450, 1010.77625pt x 478.78876pt>
File: images/prt_ui_results_plots_confMat.png Graphic file (type png)

<use images/prt_ui_results_plots_confMat.png>
Package pdftex.def Info: images/prt_ui_results_plots_confMat.png used on input 
line 199.
(pdftex.def)             Requested size: 227.62204pt x 107.8178pt.
 [47 <./images/prt_ui_results_plots_confMat.png>]
<images/prt_ui_results_statsTable.png, id=1465, 474.77374pt x 437.635pt>
File: images/prt_ui_results_statsTable.png Graphic file (type png)

<use images/prt_ui_results_statsTable.png>
Package pdftex.def Info: images/prt_ui_results_statsTable.png used on input lin
e 248.
(pdftex.def)             Requested size: 227.62204pt x 209.81532pt.

<images/prt_ui_results_WM_anatomical.png, id=1469, 883.3pt x 720.6925pt>
File: images/prt_ui_results_WM_anatomical.png Graphic file (type png)

<use images/prt_ui_results_WM_anatomical.png>
Package pdftex.def Info: images/prt_ui_results_WM_anatomical.png used on input 
line 288.
(pdftex.def)             Requested size: 227.62204pt x 185.7151pt.
) [48 <./images/prt_ui_results_statsTable.png>] [49 <./images/prt_ui_results_WM
_anatomical.png>] [50


] [51]
[52]
\openout2 = `batch_data.aux'.

 (./batch_data.tex
Chapter 7.
[53


]
Overfull \hbox (8.47316pt too wide) in paragraph at lines 111--112
\OT1/cmr/m/n/10 pmod(1).poly1. A sec-ond para-met-ric mod-u-la-tor for con-di-t
ion 1 would be de-fined as pmod(1).name2,
 []

[54] [55]) [56]
\openout2 = `batch_fs.aux'.

 (./batch_fs.tex
Chapter 8.
[57



]) [58]
\openout2 = `batch_model.aux'.

 (./batch_model.tex
Chapter 9.
[59



] [60] [61]) [62]
\openout2 = `batch_cv_model.aux'.

 (./batch_cv_model.tex
Chapter 10.
) [63



] [64


] [65] [66]
\openout2 = `data_example1.aux'.

 (./data_example1.tex
Chapter 11.
\openout3 = `prt_manual.mtc'.

\openout3 = `prt_manual.mtc'.

(./prt_manual.mtc11)
Overfull \hbox (1.56682pt too wide) in paragraph at lines 7--9
\OT1/cmr/m/n/10 whole (not pre-processed) dataset is avail-able from http://dat
a.pymvpa.org/datasets/haxby2001/.
 []

<images/Tutorial/Tutorial1.png, id=1633, 326.72063pt x 391.4625pt>
File: images/Tutorial/Tutorial1.png Graphic file (type png)

<use images/Tutorial/Tutorial1.png>
Package pdftex.def Info: images/Tutorial/Tutorial1.png used on input line 20.
(pdftex.def)             Requested size: 166.23146pt x 199.16928pt.
 [67


]
<images/Tutorial/Tutorial2.png, id=1643, 676.02562pt x 395.97937pt>
File: images/Tutorial/Tutorial2.png Graphic file (type png)

<use images/Tutorial/Tutorial2.png>
Package pdftex.def Info: images/Tutorial/Tutorial2.png used on input line 35.
(pdftex.def)             Requested size: 340.03377pt x 199.16928pt.

<images/Tutorial/Tutorial3.png, id=1645, 294.34969pt x 268.75406pt>
File: images/Tutorial/Tutorial3.png Graphic file (type png)

<use images/Tutorial/Tutorial3.png>
Package pdftex.def Info: images/Tutorial/Tutorial3.png used on input line 46.
(pdftex.def)             Requested size: 218.13872pt x 199.16928pt.
 [68 <./images/Tutorial/Tutorial1.png> <./images/Tutorial/Tutorial2.png>]
<images/Tutorial/Tutorial4.png, id=1655, 313.9228pt x 332.74312pt>
File: images/Tutorial/Tutorial4.png Graphic file (type png)

<use images/Tutorial/Tutorial4.png>
Package pdftex.def Info: images/Tutorial/Tutorial4.png used on input line 55.
(pdftex.def)             Requested size: 187.90486pt x 199.16928pt.

<images/Tutorial/Tutorial5.png, id=1657, 426.84468pt x 342.5297pt>
File: images/Tutorial/Tutorial5.png Graphic file (type png)

<use images/Tutorial/Tutorial5.png>
Package pdftex.def Info: images/Tutorial/Tutorial5.png used on input line 64.
(pdftex.def)             Requested size: 248.20186pt x 199.16928pt.
 [69 <./images/Tutorial/Tutorial3.png> <./images/Tutorial/Tutorial4.png>]
<images/Tutorial/Tutorial6.png, id=1669, 426.09187pt x 341.02406pt>
File: images/Tutorial/Tutorial6.png Graphic file (type png)

<use images/Tutorial/Tutorial6.png>
Package pdftex.def Info: images/Tutorial/Tutorial6.png used on input line 76.
(pdftex.def)             Requested size: 248.85638pt x 199.16928pt.

<images/Tutorial/Tutorial7.png, id=1670, 584.1825pt x 468.24937pt>
File: images/Tutorial/Tutorial7.png Graphic file (type png)

<use images/Tutorial/Tutorial7.png>
Package pdftex.def Info: images/Tutorial/Tutorial7.png used on input line 83.
(pdftex.def)             Requested size: 248.48375pt x 199.16928pt.
 [70 <./images/Tutorial/Tutorial5.png> <./images/Tutorial/Tutorial6.png>]
<images/Tutorial/Tutorial8.png, id=1680, 283.81032pt x 305.64188pt>
File: images/Tutorial/Tutorial8.png Graphic file (type png)

<use images/Tutorial/Tutorial8.png>
Package pdftex.def Info: images/Tutorial/Tutorial8.png used on input line 96.
(pdftex.def)             Requested size: 184.94221pt x 199.16928pt.
 [71 <./images/Tutorial/Tutorial7.png> <./images/Tutorial/Tutorial8.png>]
<images/Tutorial/Tutorial9.png, id=1689, 330.48468pt x 318.43968pt>
File: images/Tutorial/Tutorial9.png Graphic file (type png)

<use images/Tutorial/Tutorial9.png>
Package pdftex.def Info: images/Tutorial/Tutorial9.png used on input line 108.
(pdftex.def)             Requested size: 177.17316pt x 170.71652pt.

<images/Tutorial/Tutorial10.png, id=1691, 515.67656pt x 496.10344pt>
File: images/Tutorial/Tutorial10.png Graphic file (type png)

<use images/Tutorial/Tutorial10.png>
Package pdftex.def Info: images/Tutorial/Tutorial10.png used on input line 126.

(pdftex.def)             Requested size: 266.17833pt x 256.0748pt.

<images/Tutorial/Tutorial31.png, id=1694, 238.64156pt x 257.46187pt>
File: images/Tutorial/Tutorial31.png Graphic file (type png)

<use images/Tutorial/Tutorial31.png>
Package pdftex.def Info: images/Tutorial/Tutorial31.png used on input line 145.

(pdftex.def)             Requested size: 158.23946pt x 170.71652pt.

<images/Tutorial/Tutorial32.png, id=1695, 375.65344pt x 396.7322pt>
File: images/Tutorial/Tutorial32.png Graphic file (type png)

<use images/Tutorial/Tutorial32.png>
Package pdftex.def Info: images/Tutorial/Tutorial32.png used on input line 152.

(pdftex.def)             Requested size: 161.6482pt x 170.71652pt.
 [72 <./images/Tutorial/Tutorial9.png>]
[73 <./images/Tutorial/Tutorial10.png> <./images/Tutorial/Tutorial31.png>]
<images/Tutorial/Tutorial33.png, id=1713, 647.97282pt x 231.11946pt>
File: images/Tutorial/Tutorial33.png Graphic file (type png)

<use images/Tutorial/Tutorial33.png>
Package pdftex.def Info: images/Tutorial/Tutorial33.png used on input line 161.

(pdftex.def)             Requested size: 478.64207pt x 170.71652pt.

Overfull \hbox (57.54129pt too wide) in paragraph at lines 161--162
 [][] 
 []

<images/Tutorial/Tutorial34.png, id=1715, 422.32782pt x 311.66437pt>
File: images/Tutorial/Tutorial34.png Graphic file (type png)

<use images/Tutorial/Tutorial34.png>
Package pdftex.def Info: images/Tutorial/Tutorial34.png used on input line 170.

(pdftex.def)             Requested size: 231.33371pt x 170.71652pt.

<images/Tutorial/Tutorial12.png, id=1717, 304.88907pt x 255.20343pt>
File: images/Tutorial/Tutorial12.png Graphic file (type png)

<use images/Tutorial/Tutorial12.png>
Package pdftex.def Info: images/Tutorial/Tutorial12.png used on input line 190.

(pdftex.def)             Requested size: 203.9629pt x 170.71652pt.
 [74 <./images/Tutorial/Tutorial32.png> <./images/Tutorial/Tutorial33.png (PNG 
copy)>] [75 <./images/Tutorial/Tutorial34.png (PNG copy)> <./images/Tutorial/Tu
torial12.png>]
<images/Tutorial/Tutorial15.png, id=1737, 308.65312pt x 312.41719pt>
File: images/Tutorial/Tutorial15.png Graphic file (type png)

<use images/Tutorial/Tutorial15.png>
Package pdftex.def Info: images/Tutorial/Tutorial15.png used on input line 207.

(pdftex.def)             Requested size: 196.77435pt x 199.16928pt.

<images/Tutorial/Tutorial16.png, id=1738, 310.15875pt x 311.66437pt>
File: images/Tutorial/Tutorial16.png Graphic file (type png)

<use images/Tutorial/Tutorial16.png>
Package pdftex.def Info: images/Tutorial/Tutorial16.png used on input line 214.

(pdftex.def)             Requested size: 198.20749pt x 199.16928pt.

<images/Tutorial/Tutorial18.png, id=1742, 488.57532pt x 524.71031pt>
File: images/Tutorial/Tutorial18.png Graphic file (type png)

<use images/Tutorial/Tutorial18.png>
Package pdftex.def Info: images/Tutorial/Tutorial18.png used on input line 223.

(pdftex.def)             Requested size: 264.93755pt x 284.52756pt.

<images/Tutorial/Tutorial19.png, id=1743, 489.32813pt x 522.45187pt>
File: images/Tutorial/Tutorial19.png Graphic file (type png)

<use images/Tutorial/Tutorial19.png>
Package pdftex.def Info: images/Tutorial/Tutorial19.png used on input line 230.

(pdftex.def)             Requested size: 266.48814pt x 284.52756pt.
 [76 <./images/Tutorial/Tutorial15.png> <./images/Tutorial/Tutorial16.png>] [77
 <./images/Tutorial/Tutorial18.png> <./images/Tutorial/Tutorial19.png>]
<images/Tutorial/Tutorial20.png, id=1761, 697.8572pt x 457.71pt>
File: images/Tutorial/Tutorial20.png Graphic file (type png)

<use images/Tutorial/Tutorial20.png>
Package pdftex.def Info: images/Tutorial/Tutorial20.png used on input line 240.

(pdftex.def)             Requested size: 390.44597pt x 256.0748pt.

<images/Tutorial/Tutorial21.png, id=1763, 487.8225pt x 524.71031pt>
File: images/Tutorial/Tutorial21.png Graphic file (type png)

<use images/Tutorial/Tutorial21.png>
Package pdftex.def Info: images/Tutorial/Tutorial21.png used on input line 250.

(pdftex.def)             Requested size: 264.52931pt x 284.52756pt.

<images/Tutorial/Tutorial23.png, id=1765, 421.575pt x 490.83376pt>
File: images/Tutorial/Tutorial23.png Graphic file (type png)

<use images/Tutorial/Tutorial23.png>
Package pdftex.def Info: images/Tutorial/Tutorial23.png used on input line 271.

(pdftex.def)             Requested size: 195.50285pt x 227.62204pt.

<images/Tutorial/Tutorial24.png, id=1767, 420.82219pt x 488.57532pt>
File: images/Tutorial/Tutorial24.png Graphic file (type png)

<use images/Tutorial/Tutorial24.png>
Package pdftex.def Info: images/Tutorial/Tutorial24.png used on input line 286.

(pdftex.def)             Requested size: 196.05914pt x 227.62204pt.
 [78 <./images/Tutorial/Tutorial20.png>]
[79 <./images/Tutorial/Tutorial21.png> <./images/Tutorial/Tutorial23.png>]
<images/Tutorial/Tutorial26.png, id=1786, 421.575pt x 490.83376pt>
File: images/Tutorial/Tutorial26.png Graphic file (type png)

<use images/Tutorial/Tutorial26.png>
Package pdftex.def Info: images/Tutorial/Tutorial26.png used on input line 300.

(pdftex.def)             Requested size: 195.50285pt x 227.62204pt.

<images/Tutorial/Tutorial27.png, id=1788, 194.22563pt x 338.76563pt>
File: images/Tutorial/Tutorial27.png Graphic file (type png)

<use images/Tutorial/Tutorial27.png>
Package pdftex.def Info: images/Tutorial/Tutorial27.png used on input line 319.

(pdftex.def)             Requested size: 130.50687pt x 227.62204pt.

<images/Tutorial/Tutorial28.png, id=1791, 421.575pt x 490.08093pt>
File: images/Tutorial/Tutorial28.png Graphic file (type png)

<use images/Tutorial/Tutorial28.png>
Package pdftex.def Info: images/Tutorial/Tutorial28.png used on input line 329.

(pdftex.def)             Requested size: 195.79877pt x 227.62204pt.
 [80 <./images/Tutorial/Tutorial24.png>]
[81 <./images/Tutorial/Tutorial26.png> <./images/Tutorial/Tutorial27.png>]
<images/Tutorial/Tutorial29.png, id=1811, 420.82219pt x 490.08093pt>
File: images/Tutorial/Tutorial29.png Graphic file (type png)

<use images/Tutorial/Tutorial29.png>
Package pdftex.def Info: images/Tutorial/Tutorial29.png used on input line 350.

(pdftex.def)             Requested size: 195.44913pt x 227.62204pt.

<images/Tutorial/Tutorial30.png, id=1814, 422.32782pt x 490.08093pt>
File: images/Tutorial/Tutorial30.png Graphic file (type png)

<use images/Tutorial/Tutorial30.png>
Package pdftex.def Info: images/Tutorial/Tutorial30.png used on input line 373.

(pdftex.def)             Requested size: 196.1484pt x 227.62204pt.
 [82 <./images/Tutorial/Tutorial28.png>])
[83 <./images/Tutorial/Tutorial29.png> <./images/Tutorial/Tutorial30.png>]
\openout2 = `data_example2.aux'.


(./data_example2.tex [84



]
Chapter 12.
\openout3 = `prt_manual.mtc'.

\openout3 = `prt_manual.mtc'.

(./prt_manual.mtc12)
<images/Tutorial/example2/gui/PRoNTo_main.png, id=1851, 450.68375pt x 536.0025p
t>
File: images/Tutorial/example2/gui/PRoNTo_main.png Graphic file (type png)
 <use images/Tutorial/example2/gui/PRoNTo_main.png>
Package pdftex.def Info: images/Tutorial/example2/gui/PRoNTo_main.png used on i
nput line 22.
(pdftex.def)             Requested size: 167.46556pt x 199.16928pt.


LaTeX Warning: `!h' float specifier changed to `!ht'.


<images/Tutorial/example2/gui/select_images.png, id=1853, 564.1075pt x 447.6725
pt>
File: images/Tutorial/example2/gui/select_images.png Graphic file (type png)
 <use images/Tutorial/example2/gui/select_images.png>
Package pdftex.def Info: images/Tutorial/example2/gui/select_images.png used on
 input line 38.
(pdftex.def)             Requested size: 250.97108pt x 199.16928pt.


LaTeX Warning: `!h' float specifier changed to `!ht'.

[85]
<images/Tutorial/example2/gui/specify_modality.png, id=1863, 405.515pt x 365.36
5pt>
File: images/Tutorial/example2/gui/specify_modality.png Graphic file (type png)

 <use images/Tutorial/example2/gui/specify_modality.png>
Package pdftex.def Info: images/Tutorial/example2/gui/specify_modality.png used
 on input line 48.
(pdftex.def)             Requested size: 221.05388pt x 199.16928pt.


LaTeX Warning: `!h' float specifier changed to `!ht'.


<images/Tutorial/example2/gui/Data_and_Design.png, id=1865, 933.4875pt x 541.02
126pt>
File: images/Tutorial/example2/gui/Data_and_Design.png Graphic file (type png)
 <use images/Tutorial/example2/gui/Data_and_Design.png>
Package pdftex.def Info: images/Tutorial/example2/gui/Data_and_Design.png used 
on input line 59.
(pdftex.def)             Requested size: 421.10078pt x 244.05995pt.


LaTeX Warning: `!h' float specifier changed to `!ht'.

[86 <./images/Tutorial/example2/gui/PRoNTo_main.png> <./images/Tutorial/example
2/gui/select_images.png>]
<images/Tutorial/example2/gui/Specify_model_to_include.png, id=1877, 387.4475pt
 x 414.54875pt>
File: images/Tutorial/example2/gui/Specify_model_to_include.png Graphic file (t
ype png)

<use images/Tutorial/example2/gui/Specify_model_to_include.png>
Package pdftex.def Info: images/Tutorial/example2/gui/Specify_model_to_include.
png used on input line 84.
(pdftex.def)             Requested size: 186.14413pt x 199.16928pt.


LaTeX Warning: `!h' float specifier changed to `!ht'.


<images/Tutorial/example2/gui/Prepare_feature_set.png, id=1879, 451.6875pt x 43
1.6125pt>
File: images/Tutorial/example2/gui/Prepare_feature_set.png Graphic file (type p
ng)
 <use images/Tutorial/example2/gui/Prepare_feature_set.png>
Package pdftex.def Info: images/Tutorial/example2/gui/Prepare_feature_set.png u
sed on input line 94.
(pdftex.def)             Requested size: 208.43352pt x 199.16928pt.


LaTeX Warning: `!h' float specifier changed to `!ht'.

[87 <./images/Tutorial/example2/gui/specify_modality.png> <./images/Tutorial/ex
ample2/gui/Data_and_Design.png>]
<images/Tutorial/example2/gui/Specify_scans_for_regression.png, id=1891, 387.44
75pt x 470.75874pt>
File: images/Tutorial/example2/gui/Specify_scans_for_regression.png Graphic fil
e (type png)

<use images/Tutorial/example2/gui/Specify_scans_for_regression.png>
Package pdftex.def Info: images/Tutorial/example2/gui/Specify_scans_for_regress
ion.png used on input line 123.
(pdftex.def)             Requested size: 163.92105pt x 199.16928pt.


LaTeX Warning: `!h' float specifier changed to `!ht'.


<images/Tutorial/example2/gui/Specify_model.png, id=1893, 521.95pt x 680.5425pt
>
File: images/Tutorial/example2/gui/Specify_model.png Graphic file (type png)
 <use images/Tutorial/example2/gui/Specify_model.png>
Package pdftex.def Info: images/Tutorial/example2/gui/Specify_model.png used on
 input line 139.
(pdftex.def)             Requested size: 196.39977pt x 256.0748pt.
 [88 <./images/Tutorial/example2/gui/Specify_model_to_include.png> <./images/Tu
torial/example2/gui/Prepare_feature_set.png>] [89 <./images/Tutorial/example2/g
ui/Specify_scans_for_regression.png> <./images/Tutorial/example2/gui/Specify_mo
del.png>]
<images/Tutorial/example2/gui/Results.png, id=1915, 1284.8pt x 779.91376pt>
File: images/Tutorial/example2/gui/Results.png Graphic file (type png)

<use images/Tutorial/example2/gui/Results.png>
Package pdftex.def Info: images/Tutorial/example2/gui/Results.png used on input
 line 159.
(pdftex.def)             Requested size: 421.10078pt x 255.62296pt.

<images/Tutorial/example2/gui/prt_ui_stats.png, id=1918, 423.5825pt x 420.57124
pt>
File: images/Tutorial/example2/gui/prt_ui_stats.png Graphic file (type png)
 <use images/Tutorial/example2/gui/prt_ui_stats.png>
Package pdftex.def Info: images/Tutorial/example2/gui/prt_ui_stats.png used on 
input line 172.
(pdftex.def)             Requested size: 200.59622pt x 199.16928pt.
 [90 <./images/Tutorial/example2/gui/Results.png> <./images/Tutorial/example2/g
ui/prt_ui_stats.png>]
Overfull \hbox (29.50749pt too wide) in paragraph at lines 202--203
\OT1/cmr/m/n/10 found in the path where you have in-stalled PRoNTo (e.g. PRoNTo
/masks/SPM[]mask[]noeyes.img); 
 []


<images/Tutorial/example2/batch/data_and_design.png, id=1933, 1284.8pt x 779.91
376pt>
File: images/Tutorial/example2/batch/data_and_design.png Graphic file (type png
)
 <use images/Tutorial/example2/batch/data_and_design.png>
Package pdftex.def Info: images/Tutorial/example2/batch/data_and_design.png use
d on input line 210.
(pdftex.def)             Requested size: 421.10078pt x 255.62296pt.
 [91 <./images/Tutorial/example2/batch/data_and_design.png>]
<images/Tutorial/example2/batch/FeatureSet_Kernel.png, id=1943, 1284.8pt x 779.
91376pt>
File: images/Tutorial/example2/batch/FeatureSet_Kernel.png Graphic file (type p
ng)
 <use images/Tutorial/example2/batch/FeatureSet_Kernel.png>
Package pdftex.def Info: images/Tutorial/example2/batch/FeatureSet_Kernel.png u
sed on input line 240.
(pdftex.def)             Requested size: 421.10078pt x 255.62296pt.
 [92 <./images/Tutorial/example2/batch/FeatureSet_Kernel.png>]
<images/Tutorial/example2/batch/KRR_SpecifyModel.png, id=1952, 1284.8pt x 779.9
1376pt>
File: images/Tutorial/example2/batch/KRR_SpecifyModel.png Graphic file (type pn
g)
 <use images/Tutorial/example2/batch/KRR_SpecifyModel.png>
Package pdftex.def Info: images/Tutorial/example2/batch/KRR_SpecifyModel.png us
ed on input line 281.
(pdftex.def)             Requested size: 421.10078pt x 255.62296pt.

<images/Tutorial/example2/batch/KRR_RunModel.png, id=1954, 1284.8pt x 779.91376
pt>
File: images/Tutorial/example2/batch/KRR_RunModel.png Graphic file (type png)
 <use images/Tutorial/example2/batch/KRR_RunModel.png>
Package pdftex.def Info: images/Tutorial/example2/batch/KRR_RunModel.png used o
n input line 301.
(pdftex.def)             Requested size: 421.10078pt x 255.62296pt.


LaTeX Warning: `!h' float specifier changed to `!ht'.

[93 <./images/Tutorial/example2/batch/KRR_SpecifyModel.png>]) [94 <./images/Tut
orial/example2/batch/KRR_RunModel.png>] [95


] [96]
\openout2 = `dev_guide.aux'.

 (./dev_guide.tex
Chapter 13.
\openout3 = `prt_manual.mtc'.

\openout3 = `prt_manual.mtc'.

(./prt_manual.mtc13) <images/code.png, id=1992, 1137.24875pt x 691.58376pt>
File: images/code.png Graphic file (type png)

<use images/code.png>
Package pdftex.def Info: images/code.png used on input line 16.
(pdftex.def)             Requested size: 261.44025pt x 158.99377pt.
 [97


]
<images/machines.png, id=2003, 1177.39874pt x 631.35875pt>
File: images/machines.png Graphic file (type png)

<use images/machines.png>
Package pdftex.def Info: images/machines.png used on input line 38.
(pdftex.def)             Requested size: 404.31662pt x 216.81pt.
 [98 <./images/code.png>]
<images/prtmachinesvmbin.png, id=2012, 618.31pt x 356.33125pt>
File: images/prtmachinesvmbin.png Graphic file (type png)

<use images/prtmachinesvmbin.png>
Package pdftex.def Info: images/prtmachinesvmbin.png used on input line 58.
(pdftex.def)             Requested size: 376.2062pt x 216.81pt.
 [99 <./images/machines.png>]) [100 <./images/prtmachinesvmbin.png>]
\openout2 = `adv_PRTstruct.aux'.

 (./adv_PRTstruct.tex
Chapter 14.
Package minitoc Info: I0006
(minitoc)             prt_manual.mtc14 is empty on input line 4.
[101



] [102]) [103]
\openout2 = `adv_functions.aux'.

 (./adv_functions.tex [104



]
Chapter 15.
\openout3 = `prt_manual.mtc'.

\openout3 = `prt_manual.mtc'.

(./prt_manual.mtc15 [105]
LaTeX Font Info:    Font shape `OMS/cmr/m/n' in size <9> not available
(Font)              Font shape `OMS/cmsy/m/n' tried instead on input line 46.
) [106] [107] [108] [109] [110] [111] [112]
Underfull \vbox (badness 5741) has occurred while \output is active []

 [113]
[114] [115]
Overfull \hbox (19.89537pt too wide) in paragraph at lines 617--617
[] \OT1/cmtt/m/n/10 model.type:        what type of prediction machine (e.g. 'c
lassifier','regression')[] 
 []

[116]
Overfull \hbox (11.07536pt too wide) in paragraph at lines 694--694
[] \OT1/cmtt/m/n/10 PRT[]UI[]COMPUTE[]WEIGHTS('Property','Value',...) creates a
 new PRT[]UI[]COMPUTE[]WEIGHTS[] 
 []


Overfull \hbox (29.76523pt too wide) in paragraph at lines 698--698
[] \OT1/cmtt/m/n/10 property application stop.  All inputs are passed to prt[]u
i[]compute[]weights[]OpeningFcn[] 
 []

[117] [118]
Underfull \vbox (badness 3199) has occurred while \output is active []

 [119]
[120] [121] [122]
Overfull \hbox (10.23541pt too wide) in paragraph at lines 1007--1007
[] \OT1/cmtt/m/n/10 property application stop.  All inputs are passed to prt[]u
i[]reviewmodel[]OpeningFcn[] 
 []


Overfull \hbox (14.01537pt too wide) in paragraph at lines 1036--1036
[] \OT1/cmtt/m/n/10 property application stop.  All inputs are passed to prt[]u
i[]select[]class[]OpeningFcn[] 
 []

[123]
Overfull \hbox (3.51546pt too wide) in paragraph at lines 1065--1065
[] \OT1/cmtt/m/n/10 property application stop.  All inputs are passed to prt[]u
i[]select[]reg[]OpeningFcn[] 
 []

LaTeX Font Info:    Font shape `OMS/cmr/bx/n' in size <12> not available
(Font)              Font shape `OMS/cmsy/b/n' tried instead on input line 1110.

[124] [125] [126]
Overfull \hbox (174.454pt too wide) in paragraph at lines 1295--1295
[] \OT1/cmtt/m/n/10 Run Gaussian process regression - meta-wrapper for regressi
on with gpml  FORMAT output = prt[]machine[]gpml(d,args)[] 
 []

[127] [128] [129] [130]
Missing character: There is no ü in font cmtt10!

Underfull \vbox (badness 1354) has occurred while \output is active []

 [131])
[132] [133


] [134] (./prt_manual.bbl [135

])
Package minitoc Info: I0009
(minitoc)             Listing minitoc auxiliary files. 
(minitoc)             Creating the prt_manual.maf file.
\openout3 = `prt_manual.maf'.



Package minitoc(hints) Warning: W0024
(minitoc(hints))                Some hints have been written 
(minitoc(hints))                in the prt_manual.log file.

Package atveryend Info: Empty hook `BeforeClearDocument' on input line 167.
[136]
Package atveryend Info: Empty hook `AfterLastShipout' on input line 167.
 (./prt_manual.aux (./introduction.aux) (./gui1_DataDesign.aux)
(./gui2_PreprocKernel.aux) (./gui3_ModelCrossV.aux) (./gui4_ModelWeight.aux)
(./gui5_DisRes.aux) (./batch_data.aux) (./batch_fs.aux) (./batch_model.aux)
(./batch_cv_model.aux) (./data_example1.aux) (./data_example2.aux)
(./dev_guide.aux) (./adv_PRTstruct.aux) (./adv_functions.aux))
Package atveryend Info: Executing hook `AtVeryEndDocument' on input line 167.
Package atveryend Info: Executing hook `AtEndAfterFileList' on input line 167.
Package rerunfilecheck Info: File `prt_manual.out' has not changed.
(rerunfilecheck)             Checksum: BA2CAD831D96A24CD7763BA07F0C3C82;13482.
Package atveryend Info: Empty hook `AtVeryVeryEnd' on input line 167.
 ) 
Here is how much of TeX's memory you used:
 9114 strings out of 493506
 134463 string characters out of 3147770
 249360 words of memory out of 3000000
 11250 multiletter control sequences out of 15000+200000
 17283 words of font info for 61 fonts, out of 3000000 for 9000
 957 hyphenation exceptions out of 8191
 34i,9n,31p,2011b,610s stack positions out of 5000i,500n,10000p,200000b,50000s
</usr/share/texmf-dist/fonts/type1/public/amsfonts/cm/cmbsy10.pfb></usr/share
/texmf-dist/fonts/type1/public/amsfonts/cm/cmbx10.pfb></usr/share/texmf-dist/fo
nts/type1/public/amsfonts/cm/cmbx12.pfb></usr/share/texmf-dist/fonts/type1/publ
ic/amsfonts/cm/cmbx9.pfb></usr/share/texmf-dist/fonts/type1/public/amsfonts/cm/
cmcsc10.pfb></usr/share/texmf-dist/fonts/type1/public/amsfonts/cm/cmex10.pfb></
usr/share/texmf-dist/fonts/type1/public/amsfonts/cm/cmmi10.pfb></usr/share/texm
f-dist/fonts/type1/public/amsfonts/cm/cmmi7.pfb></usr/share/texmf-dist/fonts/ty
pe1/public/amsfonts/cm/cmr10.pfb></usr/share/texmf-dist/fonts/type1/public/amsf
onts/cm/cmr12.pfb></usr/share/texmf-dist/fonts/type1/public/amsfonts/cm/cmr17.p
fb></usr/share/texmf-dist/fonts/type1/public/amsfonts/cm/cmr6.pfb></usr/share/t
exmf-dist/fonts/type1/public/amsfonts/cm/cmr7.pfb></usr/share/texmf-dist/fonts/
type1/public/amsfonts/cm/cmr8.pfb></usr/share/texmf-dist/fonts/type1/public/ams
fonts/cm/cmr9.pfb></usr/share/texmf-dist/fonts/type1/public/amsfonts/cm/cmsl10.
pfb></usr/share/texmf-dist/fonts/type1/public/amsfonts/cm/cmsy10.pfb></usr/shar
e/texmf-dist/fonts/type1/public/amsfonts/cm/cmsy9.pfb></usr/share/texmf-dist/fo
nts/type1/public/amsfonts/cm/cmti10.pfb></usr/share/texmf-dist/fonts/type1/publ
ic/amsfonts/cm/cmti12.pfb></usr/share/texmf-dist/fonts/type1/public/amsfonts/cm
/cmti8.pfb></usr/share/texmf-dist/fonts/type1/public/amsfonts/cm/cmtt10.pfb></u
sr/share/texmf-dist/fonts/type1/public/amsfonts/cm/cmtt12.pfb></usr/share/texmf
-dist/fonts/type1/public/amsfonts/cm/cmtt8.pfb></usr/share/texmf-dist/fonts/typ
e1/public/amsfonts/cm/cmtt9.pfb>
Output written on prt_manual.pdf (136 pages, 2769742 bytes).
PDF statistics:
 2456 PDF objects out of 2487 (max. 8388607)
 2175 compressed objects within 22 object streams
 607 named destinations out of 1000 (max. 500000)
 1902 words of extra memory for PDF output out of 10000 (max. 10000000)

